// Jest Snapshot v1, https://goo.gl/fbAQLP

exports[`Homepage should mount the component correctly 1`] = `
<div
  className="homepage"
>
  <Connect(Directory) />
</div>
`;
