// Jest Snapshot v1, https://goo.gl/fbAQLP

exports[`LoginAndRegister should mount the component correctly 1`] = `
<div
  className="login-and-register"
>
  <Login />
  <Register />
</div>
`;
