// Jest Snapshot v1, https://goo.gl/fbAQLP

exports[`Register should mount the component correctly 1`] = `
<div
  className="register"
>
  <h2
    className="heading"
  >
    I do not have an account
  </h2>
  <span
    className="title"
  >
    Register with your name, email and password
  </span>
  <span
    className="register-error"
  />
  <form
    className="register-form"
    onSubmit={[Function]}
  >
    <FormInput
      label="Display Name"
      name="displayName"
      onChange={[Function]}
      required={true}
      type="text"
      value=""
    />
    <FormInput
      label="Email"
      name="email"
      onChange={[Function]}
      required={true}
      type="email"
      value=""
    />
    <FormInput
      autoComplete="on"
      label="Password"
      name="password"
      onChange={[Function]}
      required={true}
      type="password"
      value=""
    />
    <FormInput
      autoComplete="on"
      label="Confirm Password"
      name="confirmPassword"
      onChange={[Function]}
      required={true}
      type="password"
      value=""
    />
    <CustomButton
      type="submit"
    >
      REGISTER
    </CustomButton>
  </form>
</div>
`;
