// Jest Snapshot v1, https://goo.gl/fbAQLP

exports[`WithSpinner should mount the component correctly 1`] = `<Component />`;
